
HITESHKUMAR_LTP+Administrator@HITESHKUMAR_LTP MINGW64 /d/DEMO-DAY3/GIT-RESETD
$ git init
Initialized empty Git repository in D:/DEMO-DAY3/GIT-RESET-HARD/.git/

HITESHKUMAR_LTP+Administrator@HITESHKUMAR_LTP MINGW64 /d/DEMO-DAY3/GIT-RESET-HARD (master)
$ touch m1

HITESHKUMAR_LTP+Administrator@HITESHKUMAR_LTP MINGW64 /d/DEMO-DAY3/GIT-RESET-HARD (master)
$ git add .

HITESHKUMAR_LTP+Administrator@HITESHKUMAR_LTP MINGW64 /d/DEMO-DAY3/GIT-RESET-HARD (master)
$ git commit -m "c1 commit"
[master (root-commit) 87a240d] c1 commit
 1 file changed, 0 insertions(+), 0 deletions(-)
 create mode 100644 m1

HITESHKUMAR_LTP+Administrator@HITESHKUMAR_LTP MINGW64 /d/DEMO-DAY3/GIT-RESET-HARD (master)
$ touch m2

HITESHKUMAR_LTP+Administrator@HITESHKUMAR_LTP MINGW64 /d/DEMO-DAY3/GIT-RESET-HARD (master)
$ git add .

HITESHKUMAR_LTP+Administrator@HITESHKUMAR_LTP MINGW64 /d/DEMO-DAY3/GIT-RESET-HARD (master)
$ git commit -m "c2 commit"
[master 65fcfed] c2 commit
 1 file changed, 0 insertions(+), 0 deletions(-)
 create mode 100644 m2

HITESHKUMAR_LTP+Administrator@HITESHKUMAR_LTP MINGW64 /d/DEMO-DAY3/GIT-RESET-HARD (master)
$ touch m3

HITESHKUMAR_LTP+Administrator@HITESHKUMAR_LTP MINGW64 /d/DEMO-DAY3/GIT-RESET-HARD (master)
$ git add .

HITESHKUMAR_LTP+Administrator@HITESHKUMAR_LTP MINGW64 /d/DEMO-DAY3/GIT-RESET-HARD (master)
$ git commit -m "c3 commit"
[master 912e8df] c3 commit
 1 file changed, 0 insertions(+), 0 deletions(-)
 create mode 100644 m3

HITESHKUMAR_LTP+Administrator@HITESHKUMAR_LTP MINGW64 /d/DEMO-DAY3/GIT-RESET-HARD (master)
$ touch m2

HITESHKUMAR_LTP+Administrator@HITESHKUMAR_LTP MINGW64 /d/DEMO-DAY3/GIT-RESET-HARD (master)
$ touch m3

HITESHKUMAR_LTP+Administrator@HITESHKUMAR_LTP MINGW64 /d/DEMO-DAY3/GIT-RESET-HARD (master)
$ touch m4

HITESHKUMAR_LTP+Administrator@HITESHKUMAR_LTP MINGW64 /d/DEMO-DAY3/GIT-RESET-HARD (master)
$ git add .

HITESHKUMAR_LTP+Administrator@HITESHKUMAR_LTP MINGW64 /d/DEMO-DAY3/GIT-RESET-HARD (master)
$ git commit -m "c4 commit"
[master 9d73864] c4 commit
 1 file changed, 0 insertions(+), 0 deletions(-)
 create mode 100644 m4

HITESHKUMAR_LTP+Administrator@HITESHKUMAR_LTP MINGW64 /d/DEMO-DAY3/GIT-RESET-HARD (master)
$ git log --oneline
9d73864 (HEAD -> master) c4 commit
912e8df c3 commit
65fcfed c2 commit
87a240d c1 commit

HITESHKUMAR_LTP+Administrator@HITESHKUMAR_LTP MINGW64 /d/DEMO-DAY3/GIT-RESET-HARD (master)
$ git reset 912e8df --hard
HEAD is now at 912e8df c3 commit

HITESHKUMAR_LTP+Administrator@HITESHKUMAR_LTP MINGW64 /d/DEMO-DAY3/GIT-RESET-HARD (master)
$ git log --oneline
912e8df (HEAD -> master) c3 commit
65fcfed c2 commit
87a240d c1 commit

HITESHKUMAR_LTP+Administrator@HITESHKUMAR_LTP MINGW64 /d/DEMO-DAY3/GIT-RESET-HARD (master)
$ git status
On branch master
nothing to commit, working tree clean

HITESHKUMAR_LTP+Administrator@HITESHKUMAR_LTP MINGW64 /d/DEMO-DAY3/GIT-RESET-HARD (master)
$ touch m4

HITESHKUMAR_LTP+Administrator@HITESHKUMAR_LTP MINGW64 /d/DEMO-DAY3/GIT-RESET-HARD (master)
$ git add .

HITESHKUMAR_LTP+Administrator@HITESHKUMAR_LTP MINGW64 /d/DEMO-DAY3/GIT-RESET-HARD (master)
$ git status
On branch master
Changes to be committed:
  (use "git restore --staged <file>..." to unstage)
        new file:   m4


HITESHKUMAR_LTP+Administrator@HITESHKUMAR_LTP MINGW64 /d/DEMO-DAY3/GIT-RESET-HARD (master)
$ ^C

HITESHKUMAR_LTP+Administrator@HITESHKUMAR_LTP MINGW64 /d/DEMO-DAY3/GIT-RESET-HARD (master)
$ git restore --staged m4

HITESHKUMAR_LTP+Administrator@HITESHKUMAR_LTP MINGW64 /d/DEMO-DAY3/GIT-RESET-HARD (master)
$ git status
On branch master
Untracked files:
  (use "git add <file>..." to include in what will be committed)
        m4

nothing added to commit but untracked files present (use "git add" to track)

HITESHKUMAR_LTP+Administrator@HITESHKUMAR_LTP MINGW64 /d/DEMO-DAY3/GIT-RESET-HARD (master)
$ git add .

HITESHKUMAR_LTP+Administrator@HITESHKUMAR_LTP MINGW64 /d/DEMO-DAY3/GIT-RESET-HARD (master)
$ git status
On branch master
Changes to be committed:
  (use "git restore --staged <file>..." to unstage)
        new file:   m4


HITESHKUMAR_LTP+Administrator@HITESHKUMAR_LTP MINGW64 /d/DEMO-DAY3/GIT-RESET-HARD (master)
$ git commit -m "c4 commit"
[master 8a08c25] c4 commit
 1 file changed, 0 insertions(+), 0 deletions(-)
 create mode 100644 m4

HITESHKUMAR_LTP+Administrator@HITESHKUMAR_LTP MINGW64 /d/DEMO-DAY3/GIT-RESET-HARD (master)
$ git status
On branch master
nothing to commit, working tree clean

HITESHKUMAR_LTP+Administrator@HITESHKUMAR_LTP MINGW64 /d/DEMO-DAY3/GIT-RESET-HARD (master)
$ git log --oneline
8a08c25 (HEAD -> master) c4 commit
912e8df c3 commit
65fcfed c2 commit
87a240d c1 commit

HITESHKUMAR_LTP+Administrator@HITESHKUMAR_LTP MINGW64 /d/DEMO-DAY3/GIT-RESET-HARD (master)
$ git reset 912e8df --soft

HITESHKUMAR_LTP+Administrator@HITESHKUMAR_LTP MINGW64 /d/DEMO-DAY3/GIT-RESET-HARD (master)
$ git log --oneline
912e8df (HEAD -> master) c3 commit
65fcfed c2 commit
87a240d c1 commit

HITESHKUMAR_LTP+Administrator@HITESHKUMAR_LTP MINGW64 /d/DEMO-DAY3/GIT-RESET-HARD (master)
$ git log --oneline
912e8df (HEAD -> master) c3 commit
65fcfed c2 commit
87a240d c1 commit

HITESHKUMAR_LTP+Administrator@HITESHKUMAR_LTP MINGW64 /d/DEMO-DAY3/GIT-RESET-HARD (master)
$ git status
On branch master
Changes to be committed:
  (use "git restore --staged <file>..." to unstage)
        new file:   m4


HITESHKUMAR_LTP+Administrator@HITESHKUMAR_LTP MINGW64 /d/DEMO-DAY3/GIT-RESET-HARD (master)
$ git add .

HITESHKUMAR_LTP+Administrator@HITESHKUMAR_LTP MINGW64 /d/DEMO-DAY3/GIT-RESET-HARD (master)
$ git commit -m "c4 commit"
[master 5d301eb] c4 commit
 1 file changed, 0 insertions(+), 0 deletions(-)
 create mode 100644 m4

HITESHKUMAR_LTP+Administrator@HITESHKUMAR_LTP MINGW64 /d/DEMO-DAY3/GIT-RESET-HARD (master)
$ git log --oneline
5d301eb (HEAD -> master) c4 commit
912e8df c3 commit
65fcfed c2 commit
87a240d c1 commit

HITESHKUMAR_LTP+Administrator@HITESHKUMAR_LTP MINGW64 /d/DEMO-DAY3/GIT-RESET-HARD (master)
$ git status
On branch master
nothing to commit, working tree clean

HITESHKUMAR_LTP+Administrator@HITESHKUMAR_LTP MINGW64 /d/DEMO-DAY3/GIT-RESET-HARD (master)
$



HITESHKUMAR_LTP+Administrator@HITESHKUMAR_LTP MINGW64 /d/DEMO-DAY3/GIT-RESET-HARD (master)
$ git status
On branch master
nothing to commit, working tree clean

HITESHKUMAR_LTP+Administrator@HITESHKUMAR_LTP MINGW64 /d/DEMO-DAY3/GIT-RESET-HARD (master)
$ git log --oneline
5d301eb (HEAD -> master) c4 commit
912e8df c3 commit
65fcfed c2 commit
87a240d c1 commit

HITESHKUMAR_LTP+Administrator@HITESHKUMAR_LTP MINGW64 /d/DEMO-DAY3/GIT-RESET-HARD (master)
$ git reset 912e8df --mixed

HITESHKUMAR_LTP+Administrator@HITESHKUMAR_LTP MINGW64 /d/DEMO-DAY3/GIT-RESET-HARD (master)
$ git status
On branch master
Untracked files:
  (use "git add <file>..." to include in what will be committed)
        m4

nothing added to commit but untracked files present (use "git add" to track)

HITESHKUMAR_LTP+Administrator@HITESHKUMAR_LTP MINGW64 /d/DEMO-DAY3/GIT-RESET-HARD (master)
$ git log --oneline
912e8df (HEAD -> master) c3 commit
65fcfed c2 commit
87a240d c1 commit

HITESHKUMAR_LTP+Administrator@HITESHKUMAR_LTP MINGW64 /d/DEMO-DAY3/GIT-RESET-HARD (master)
$ git add .

HITESHKUMAR_LTP+Administrator@HITESHKUMAR_LTP MINGW64 /d/DEMO-DAY3/GIT-RESET-HARD (master)
$ git commit -m "c4 commit"
[master 34986fc] c4 commit
 1 file changed, 0 insertions(+), 0 deletions(-)
 create mode 100644 m4

HITESHKUMAR_LTP+Administrator@HITESHKUMAR_LTP MINGW64 /d/DEMO-DAY3/GIT-RESET-HARD (master)
$ git log --oneline
34986fc (HEAD -> master) c4 commit
912e8df c3 commit
65fcfed c2 commit
87a240d c1 commit

HITESHKUMAR_LTP+Administrator@HITESHKUMAR_LTP MINGW64 /d/DEMO-DAY3/GIT-RESET-HARD (master)
